// Jest Snapshot v1, https://goo.gl/fbAQLP

exports[`Beer renders correctly 1`] = `
<View
  style={
    Object {
      "backgroundColor": "#fff",
      "height": 244,
      "marginTop": 32,
      "width": 256,
    }
  }
>
  <Text
    accessible={true}
    allowFontScaling={true}
    ellipsizeMode="tail"
  >
    test beer
  </Text>
  <Text
    accessible={true}
    allowFontScaling={true}
    ellipsizeMode="tail"
  >
    0.3
    %
  </Text>
  <Text
    accessible={true}
    allowFontScaling={true}
    ellipsizeMode="tail"
  >
    lager
  </Text>
</View>
`;
